[debug] [2025-11-13T07:39:17.181Z] ----------------------------------------------------------------------
[debug] [2025-11-13T07:39:17.183Z] Command:       C:\Program Files\nodejs\node.exe C:\Users\jatur.JEAD-I9-PC\AppData\Roaming\npm\node_modules\firebase-tools\lib\bin\firebase.js init hosting
[debug] [2025-11-13T07:39:17.184Z] CLI Version:   14.23.0
[debug] [2025-11-13T07:39:17.184Z] Platform:      win32
[debug] [2025-11-13T07:39:17.184Z] Node Version:  v22.15.1
[debug] [2025-11-13T07:39:17.184Z] Time:          Thu Nov 13 2025 14:39:17 GMT+0700 (เวลาอินโดจีน)
[debug] [2025-11-13T07:39:17.184Z] ----------------------------------------------------------------------
[debug] 
[info] 
     ######## #### ########  ######## ########     ###     ######  ########
     ##        ##  ##     ## ##       ##     ##  ##   ##  ##       ##
     ######    ##  ########  ######   ########  #########  ######  ######
     ##        ##  ##    ##  ##       ##     ## ##     ##       ## ##
     ##       #### ##     ## ######## ########  ##     ##  ######  ########

You're about to initialize a Firebase project in this directory:

  C:\git\dedecafeweb

Before we get started, keep in mind:

  * You are currently outside your home directory

[info] 
=== Project Setup
[info] 
[info] First, let's associate this project directory with a Firebase project.
[info] You can create multiple project aliases by running firebase use --add, 
[info] 
[debug] [2025-11-13T07:39:22.848Z] > command requires scopes: ["email","openid","https://www.googleapis.com/auth/cloudplatformprojects.readonly","https://www.googleapis.com/auth/firebase","https://www.googleapis.com/auth/cloud-platform"]
[debug] [2025-11-13T07:39:22.848Z] > authorizing via signed-in user (jaturapornchai@gmail.com)
[debug] [2025-11-13T07:39:22.849Z] Checked if tokens are valid: true, expires at: 1763023078254
[debug] [2025-11-13T07:39:22.849Z] Checked if tokens are valid: true, expires at: 1763023078254
[debug] [2025-11-13T07:39:22.849Z] >>> [apiv2][query] GET https://firebase.googleapis.com/v1beta1/projects pageSize=100
[debug] [2025-11-13T07:39:23.519Z] <<< [apiv2][status] GET https://firebase.googleapis.com/v1beta1/projects 200
[debug] [2025-11-13T07:39:23.519Z] <<< [apiv2][body] GET https://firebase.googleapis.com/v1beta1/projects [omitted]
[info] i  Don't want to scroll through all your projects? If you know your project ID, you can initialize it directly using firebase init --project <project_id>.
 
[info] 
=== Hosting Setup
[debug] [2025-11-13T07:39:32.203Z] Checked if tokens are valid: true, expires at: 1763023078254
[debug] [2025-11-13T07:39:32.203Z] Checked if tokens are valid: true, expires at: 1763023078254
[debug] [2025-11-13T07:39:32.203Z] >>> [apiv2][query] GET https://firebase.googleapis.com/v1beta1/projects/dedepos [none]
[debug] [2025-11-13T07:39:32.617Z] <<< [apiv2][status] GET https://firebase.googleapis.com/v1beta1/projects/dedepos 200
[debug] [2025-11-13T07:39:32.617Z] <<< [apiv2][body] GET https://firebase.googleapis.com/v1beta1/projects/dedepos {"projectId":"dedepos","projectNumber":"183871505957","displayName":"dedepos","name":"projects/dedepos","resources":{"hostingSite":"dedepos"},"state":"ACTIVE","etag":"1_193b411a-6ccc-4819-8096-6d852cd920a6"}
[info] 
[info] Your public directory is the folder (relative to your project directory) that
[info] will contain Hosting assets to be uploaded with firebase deploy. If you
[info] have a build process for your assets, use your build's output directory.
[info] 
[info] 
[info] i  Detected a .git folder at C:\git\dedecafeweb 
[info] i  Authorizing with GitHub to upload your service account to a GitHub repository's secrets store. 
[info] 
[info] Visit this URL on this device to log in:
[info] https://github.com/login/oauth/authorize?client_id=89cf50f02ac6aaed3484&state=726166059&redirect_uri=http%3A%2F%2Flocalhost%3A9005&scope=read%3Auser%20repo%20public_repo
[info] 
[info] Waiting for authentication...
[debug] [2025-11-13T07:39:44.946Z] >>> [apiv2][query] POST https://github.com/login/oauth/access_token [none]
[debug] [2025-11-13T07:39:44.946Z] >>> [apiv2][body] POST https://github.com/login/oauth/access_token [stream]
[debug] [2025-11-13T07:39:45.621Z] <<< [apiv2][status] POST https://github.com/login/oauth/access_token 200
[debug] [2025-11-13T07:39:45.621Z] <<< [apiv2][body] POST https://github.com/login/oauth/access_token {"access_token":"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","token_type":"bearer","scope":"read:user,repo"}
[debug] [2025-11-13T07:39:45.625Z] >>> [apiv2][query] GET https://api.github.com/user [none]
[debug] [2025-11-13T07:39:46.102Z] <<< [apiv2][status] GET https://api.github.com/user 200
[debug] [2025-11-13T07:39:46.102Z] <<< [apiv2][body] GET https://api.github.com/user {"login":"jaturapornchai","id":39358840,"node_id":"MDQ6VXNlcjM5MzU4ODQw","avatar_url":"https://avatars.githubusercontent.com/u/39358840?v=4","gravatar_id":"","url":"https://api.github.com/users/jaturapornchai","html_url":"https://github.com/jaturapornchai","followers_url":"https://api.github.com/users/jaturapornchai/followers","following_url":"https://api.github.com/users/jaturapornchai/following{/other_user}","gists_url":"https://api.github.com/users/jaturapornchai/gists{/gist_id}","starred_url":"https://api.github.com/users/jaturapornchai/starred{/owner}{/repo}","subscriptions_url":"https://api.github.com/users/jaturapornchai/subscriptions","organizations_url":"https://api.github.com/users/jaturapornchai/orgs","repos_url":"https://api.github.com/users/jaturapornchai/repos","events_url":"https://api.github.com/users/jaturapornchai/events{/privacy}","received_events_url":"https://api.github.com/users/jaturapornchai/received_events","type":"User","user_view_type":"private","site_admin":false,"name":"jaturapornchai ","company":null,"blog":"","location":null,"email":null,"hireable":null,"bio":"male","twitter_username":null,"notification_email":null,"public_repos":20,"public_gists":0,"followers":0,"following":1,"created_at":"2018-05-17T03:17:03Z","updated_at":"2025-08-18T13:14:44Z","private_gists":0,"total_private_repos":11,"owned_private_repos":11,"disk_usage":218504,"collaborators":1,"two_factor_authentication":false,"plan":{"name":"pro","space":976562499,"collaborators":0,"private_repos":9999}}
[info] 
[info] +  Success! Logged into GitHub as jaturapornchai 
[info] 
[debug] [2025-11-13T07:39:50.536Z] >>> [apiv2][query] GET https://api.github.com/repos//actions/secrets/public-key type=owner
[debug] [2025-11-13T07:39:50.803Z] <<< [apiv2][status] GET https://api.github.com/repos//actions/secrets/public-key 404
[debug] [2025-11-13T07:39:50.803Z] <<< [apiv2][body] GET https://api.github.com/repos//actions/secrets/public-key {"message":"Not Found","documentation_url":"https://docs.github.com/rest","status":"404"}
[info] 
[info] 
[error] !  The provided authorization cannot be used with this repository. If this repository is in an organization, did you remember to grant access? 
[info] 
[info] i  Action required: Visit this URL to ensure access has been granted to the appropriate organization(s) for the Firebase CLI GitHub OAuth App: 
[info] https://github.com/settings/connections/applications/89cf50f02ac6aaed3484
[info] 
[debug] [2025-11-13T07:40:58.576Z] >>> [apiv2][query] GET https://api.github.com/repos/https://github.com/jaturapornchai/dedecafeweb/actions/secrets/public-key type=owner
[debug] [2025-11-13T07:40:58.931Z] <<< [apiv2][status] GET https://api.github.com/repos/https://github.com/jaturapornchai/dedecafeweb/actions/secrets/public-key 404
[debug] [2025-11-13T07:40:58.931Z] <<< [apiv2][body] GET https://api.github.com/repos/https://github.com/jaturapornchai/dedecafeweb/actions/secrets/public-key {"message":"Not Found","documentation_url":"https://docs.github.com/rest","status":"404"}
[info] 
[info] 
[error] !  The provided authorization cannot be used with this repository. If this repository is in an organization, did you remember to grant access? 
[info] 
[info] i  Action required: Visit this URL to ensure access has been granted to the appropriate organization(s) for the Firebase CLI GitHub OAuth App: 
[info] https://github.com/settings/connections/applications/89cf50f02ac6aaed3484
[info] 
